// Jest Snapshot v1, https://goo.gl/fbAQLP

exports[`logger in development stringifies functions 1`] = `[Function]`;
